// Jest Snapshot v1, https://goo.gl/fbAQLP

exports[`<Button /> render it 1`] = `
.bSZzkB {
  display: inline-block;
  margin-right: 8px;
  color: #999;
  fill: #999;
  background-color: #FFFFFF;
  height: 32px;
  padding: 0 11px;
  font-family: inherit;
  font-size: 14px;
  font-weight: 500;
  line-height: 29px;
  text-decoration: none;
  cursor: pointer;
  border: 1px solid transparent;
  border-color: #ddd;
  border-radius: 5px;
  box-shadow: 0 1px 1px rgba(0,0,0,.04);
  -webkit-transition: all .2s ease-in-out;
  transition: all .2s ease-in-out;
  text-align: center;
  -webkit-user-select: none;
  -moz-user-select: none;
  -ms-user-select: none;
  user-select: none;
  text-decoration: none;
}

.bSZzkB:hover,
.bSZzkB:focus {
  color: #111;
  fill: #111;
  border-color: #999 !important;
}

<button
  className="sc-bdVaJa bSZzkB"
  disabled={false}
  onClick={[Function]}
  type="button"
>
  
</button>
`;
