// Jest Snapshot v1, https://goo.gl/fbAQLP

exports[`Test style Util media function to generate CSS media query should generate the media query base on phone size 1`] = `
@media (max-width:90em) {
  .c0 {
    width: 1170px;
  }
}

@media (max-width:64em) {
  .c0 {
    width: 992px;
  }
}

@media (max-width:41.75em) {
  .c0 {
    width: 768px;
  }
}

@media (max-width:26.25em) {
  .c0 {
    width: 376px;
  }
}

<div
  className="c0"
/>
`;
